#
# Copyright 2021-2026 Aklivity Inc
#
# Licensed under the Aklivity Community License (the "License"); you may not use
# this file except in compliance with the License.  You may obtain a copy of the
# License at
#
#   https://www.aklivity.io/aklivity-community-license/
#
# Unless required by applicable law or agreed to in writing, software
# distributed under the License is distributed on an "AS IS" BASIS, WITHOUT
# WARRANTIES OF ANY KIND, either express or implied.  See the License for the
# specific language governing permissions and limitations under the License.
#

connect "http://localhost:3000/analyze"
connected

write http:method "POST"
write http:version "HTTP/1.1"
write http:host
write http:header "Authorization" "Bearer test-key"
write http:header "Content-Type" "application/json"
write http:content-length
write '{"text":"reach out to jane.doe@example.com for details","language":"en","entities":["PERSON","EMAIL_ADDRESS"],"score_threshold":0.6}'
write close

read http:status "200" "OK"
read http:header "Content-Type" "application/json"
read 'not json'
read closed
