#
# Copyright 2021-2026 Aklivity Inc
#
# Licensed under the Aklivity Community License (the "License"); you may not use
# this file except in compliance with the License.  You may obtain a copy of the
# License at
#
#   https://www.aklivity.io/aklivity-community-license/
#
# Unless required by applicable law or agreed to in writing, software
# distributed under the License is distributed on an "AS IS" BASIS, WITHOUT
# WARRANTIES OF ANY KIND, either express or implied.  See the License for the
# specific language governing permissions and limitations under the License.
#

accept "http://localhost:3000/analyze"

accepted
connected

read http:method "POST"
read http:version "HTTP/1.1"
read http:header "Content-Type" "application/json"
read '{"text":"reach out to jane.doe@example.com for details","language":"en","entities":["EMAIL_ADDRESS"]}'
read closed

write http:status "200" "OK"
write http:header "Content-Type" "application/json"
write http:content-length
write '[{"analysis_explanation":null,"end":33,"entity_type":"EMAIL_ADDRESS","score":0.99,"start":13}]'
write close
